2025-01-17 09:18:31,279 INFO o.s.b.StartupInfoLogger [restartedMain] Starting RentACarApplication using Java 22.0.1 with PID 2516 (C:\Users\Ulaş Gaming\git\repository2\rentACar\target\classes started by Ulaş Gaming in C:\Users\Ulaş Gaming\git\repository2\rentACar)
2025-01-17 09:18:31,285 INFO o.s.b.SpringApplication [restartedMain] No active profile set, falling back to 1 default profile: "default"
2025-01-17 09:18:31,376 INFO o.s.b.l.DeferredLog [restartedMain] Devtools property defaults active! Set 'spring.devtools.add-properties' to 'false' to disable
2025-01-17 09:18:31,377 INFO o.s.b.l.DeferredLog [restartedMain] For additional web related logging consider setting the 'logging.level.web' property to 'DEBUG'
2025-01-17 09:18:32,699 INFO o.s.d.r.c.RepositoryConfigurationDelegate [restartedMain] Bootstrapping Spring Data JPA repositories in DEFAULT mode.
2025-01-17 09:18:32,799 INFO o.s.d.r.c.RepositoryConfigurationDelegate [restartedMain] Finished Spring Data repository scanning in 86 ms. Found 3 JPA repository interfaces.
2025-01-17 09:18:33,722 INFO o.s.b.w.e.t.TomcatWebServer [restartedMain] Tomcat initialized with port 8080 (http)
2025-01-17 09:18:33,748 INFO o.a.j.l.DirectJDKLog [restartedMain] Starting service [Tomcat]
2025-01-17 09:18:33,749 INFO o.a.j.l.DirectJDKLog [restartedMain] Starting Servlet engine: [Apache Tomcat/10.1.26]
2025-01-17 09:18:33,863 INFO o.a.j.l.DirectJDKLog [restartedMain] Initializing Spring embedded WebApplicationContext
2025-01-17 09:18:33,867 INFO o.s.b.w.s.c.ServletWebServerApplicationContext [restartedMain] Root WebApplicationContext: initialization completed in 2485 ms
2025-01-17 09:18:34,092 INFO o.h.j.i.u.LogHelper [restartedMain] HHH000204: Processing PersistenceUnitInfo [name: default]
2025-01-17 09:18:34,213 INFO o.h.Version [restartedMain] HHH000412: Hibernate ORM core version 6.5.2.Final
2025-01-17 09:18:34,236 WARN o.h.j.b.i.EntityManagerFactoryBuilderImpl [restartedMain] HHH90000021: Encountered deprecated setting [javax.persistence.validation.mode], use [jakarta.persistence.validation.mode] instead
2025-01-17 09:18:34,295 INFO o.h.c.i.RegionFactoryInitiator [restartedMain] HHH000026: Second-level cache disabled
2025-01-17 09:18:34,760 INFO o.s.o.j.p.SpringPersistenceUnitInfo [restartedMain] No LoadTimeWeaver setup: ignoring JPA class transformer
2025-01-17 09:18:34,809 INFO c.z.h.HikariDataSource [restartedMain] HikariPool-1 - Starting...
2025-01-17 09:18:35,113 INFO c.z.h.p.HikariPool [restartedMain] HikariPool-1 - Added connection org.postgresql.jdbc.PgConnection@43faa86
2025-01-17 09:18:35,116 INFO c.z.h.HikariDataSource [restartedMain] HikariPool-1 - Start completed.
2025-01-17 09:18:35,210 WARN o.h.e.j.d.i.DialectFactoryImpl [restartedMain] HHH90000025: PostgreSQLDialect does not need to be specified explicitly using 'hibernate.dialect' (remove the property setting and it will be selected by default)
2025-01-17 09:18:36,469 INFO o.h.e.t.j.p.i.JtaPlatformInitiator [restartedMain] HHH000489: No JTA platform available (set 'hibernate.transaction.jta.platform' to enable JTA platform integration)
2025-01-17 09:18:36,661 INFO o.s.o.j.AbstractEntityManagerFactoryBean [restartedMain] Initialized JPA EntityManagerFactory for persistence unit 'default'
2025-01-17 09:18:37,147 INFO o.s.d.j.r.q.QueryEnhancerFactory [restartedMain] Hibernate is in classpath; If applicable, HQL parser will be used.
2025-01-17 09:18:37,996 WARN o.s.b.a.o.j.JpaBaseConfiguration$JpaWebConfiguration [restartedMain] spring.jpa.open-in-view is enabled by default. Therefore, database queries may be performed during view rendering. Explicitly configure spring.jpa.open-in-view to disable this warning
2025-01-17 09:18:38,572 INFO o.s.b.d.a.OptionalLiveReloadServer [restartedMain] LiveReload server is running on port 35729
2025-01-17 09:18:38,627 INFO o.s.b.w.e.t.TomcatWebServer [restartedMain] Tomcat started on port 8080 (http) with context path '/'
2025-01-17 09:18:38,644 INFO o.s.b.StartupInfoLogger [restartedMain] Started RentACarApplication in 8.293 seconds (process running for 9.2)
2025-01-17 09:26:20,551 INFO o.a.j.l.DirectJDKLog [http-nio-8080-exec-1] Initializing Spring DispatcherServlet 'dispatcherServlet'
2025-01-17 09:26:20,552 INFO o.s.w.s.FrameworkServlet [http-nio-8080-exec-1] Initializing Servlet 'dispatcherServlet'
2025-01-17 09:26:20,556 INFO o.s.w.s.FrameworkServlet [http-nio-8080-exec-1] Completed initialization in 4 ms
2025-01-17 09:26:21,509 INFO o.s.a.AbstractOpenApiResource [http-nio-8080-exec-4] Init duration for springdoc-openapi is: 608 ms
2025-01-17 09:26:25,157 INFO k.i.r.w.c.CarController [http-nio-8080-exec-6] Get All Cars Controller INFO
2025-01-17 09:26:25,158 WARN k.i.r.w.c.CarController [http-nio-8080-exec-6] Get All Cars Controller WARN
2025-01-17 09:26:25,158 INFO k.i.r.b.c.CarManager [http-nio-8080-exec-6] Car Manager Get All INFO
2025-01-17 09:26:25,159 WARN k.i.r.b.c.CarManager [http-nio-8080-exec-6] Car Manager Get All WARN
